[thetork.com/demos/html/bitrader/index4965.html]
[backblue.gif]
[fade.gif]
[index.html]
[thetork.com/demos/html/bitrader/assets/images/og.png]
[thetork.com/demos/html/bitrader/index.html]
[thetork.com/demos/html/bitrader/assets/images/favicon.png]
[thetork.com/demos/html/bitrader/assets/css/bootstrap.min.css]
[thetork.com/demos/html/bitrader/assets/css/aos.css]
[thetork.com/demos/html/bitrader/assets/css/all.min.css]
[thetork.com/demos/html/bitrader/assets/css/swiper-bundle.min.css]
[thetork.com/demos/html/bitrader/assets/css/style.css]
[thetork.com/demos/html/bitrader/assets/images/logo/preloader.png]
[thetork.com/demos/html/bitrader/assets/images/icon/moon.svg]
[thetork.com/demos/html/bitrader/index-2.html]
[thetork.com/demos/html/bitrader/assets/images/logo/logo.png]
[thetork.com/demos/html/bitrader/assets/images/demo/1.png]
[thetork.com/demos/html/bitrader/index6a08.html]
[thetork.com/demos/html/bitrader/assets/images/demo/1-dark.png]
[thetork.com/demos/html/bitrader/assets/images/demo/2.png]
[thetork.com/demos/html/bitrader/index-26a08.html]
[thetork.com/demos/html/bitrader/assets/images/demo/2-dark.png]
[thetork.com/demos/html/bitrader/index-24965.html]
[thetork.com/demos/html/bitrader/assets/images/demo/3.png]
[thetork.com/demos/html/bitrader/index-36a08.html]
[thetork.com/demos/html/bitrader/assets/images/demo/3-dark.png]
[thetork.com/demos/html/bitrader/index-34965.html]
[thetork.com/demos/html/bitrader/assets/images/demo/4.png]
[thetork.com/demos/html/bitrader/index-46a08.html]
[thetork.com/demos/html/bitrader/index-44965.html]
[thetork.com/demos/html/bitrader/assets/images/demo/5.png]
[thetork.com/demos/html/bitrader/index-56a08.html]
[thetork.com/demos/html/bitrader/assets/images/demo/5-dark.png]
[thetork.com/demos/html/bitrader/index-54965.html]
[thetork.com/demos/html/bitrader/assets/images/demo/new.png]
[thetork.com/demos/html/bitrader/about.html]
[thetork.com/demos/html/bitrader/price.html]
[thetork.com/demos/html/bitrader/team.html]
[thetork.com/demos/html/bitrader/team-2.html]
[thetork.com/demos/html/bitrader/team-details.html]
[thetork.com/demos/html/bitrader/blogs.html]
[thetork.com/demos/html/bitrader/blog-sidebar.html]
[thetork.com/demos/html/bitrader/blog-details.html]
[thetork.com/demos/html/bitrader/signup.html]
[thetork.com/demos/html/bitrader/signup-2.html]
[thetork.com/demos/html/bitrader/signin.html]
[thetork.com/demos/html/bitrader/signin-2.html]
[thetork.com/demos/html/bitrader/forgot-pass.html]
[thetork.com/demos/html/bitrader/forgot-pass-2.html]
[thetork.com/demos/html/bitrader/404.html]
[thetork.com/demos/html/bitrader/contact.html]
[thetork.com/demos/html/bitrader/assets/images/banner/home1/bg.png]
[thetork.com/demos/html/bitrader/assets/images/banner/home1/3.png]
[thetork.com/demos/html/bitrader/assets/images/banner/home1/1.png]
[thetork.com/demos/html/bitrader/assets/images/banner/home1/4.png]
[thetork.com/demos/html/bitrader/assets/images/partner/light/1.png]
[thetork.com/demos/html/bitrader/assets/images/partner/light/2.png]
[thetork.com/demos/html/bitrader/assets/images/partner/light/3.png]
[thetork.com/demos/html/bitrader/assets/images/partner/light/4.png]
[thetork.com/demos/html/bitrader/assets/images/partner/light/5.png]
[thetork.com/demos/html/bitrader/assets/images/about/1.png]
[thetork.com/demos/html/bitrader/assets/images/feature/1.png]
[thetork.com/demos/html/bitrader/assets/images/feature/5.png]
[thetork.com/demos/html/bitrader/assets/images/feature/2.png]
[thetork.com/demos/html/bitrader/assets/images/feature/6.png]
[thetork.com/demos/html/bitrader/assets/images/feature/7.png]
[thetork.com/demos/html/bitrader/assets/images/feature/8.png]
[thetork.com/demos/html/bitrader/assets/images/feature/shape/1.png]
[thetork.com/demos/html/bitrader/assets/images/service/1.png]
[thetork.com/demos/html/bitrader/assets/images/service/2.png]
[thetork.com/demos/html/bitrader/assets/images/service/3.png]
[thetork.com/demos/html/bitrader/assets/images/service/4.png]
[thetork.com/demos/html/bitrader/assets/images/service/5.png]
[thetork.com/demos/html/bitrader/assets/images/service/6.png]
[thetork.com/demos/html/bitrader/assets/images/icon/1.png]
[thetork.com/demos/html/bitrader/assets/images/icon/check.svg]
[thetork.com/demos/html/bitrader/assets/images/team/1.png]
[thetork.com/demos/html/bitrader/assets/images/team/2.png]
[thetork.com/demos/html/bitrader/assets/images/team/4.png]
[thetork.com/demos/html/bitrader/assets/images/team/5.png]
[thetork.com/demos/html/bitrader/assets/images/team/6.png]
[thetork.com/demos/html/bitrader/assets/images/team/7.png]
[thetork.com/demos/html/bitrader/assets/images/team/8.png]
[thetork.com/demos/html/bitrader/assets/images/blog/1.png]
[thetork.com/demos/html/bitrader/assets/images/blog/author/1.png]
[thetork.com/demos/html/bitrader/assets/images/blog/2.png]
[thetork.com/demos/html/bitrader/assets/images/blog/author/2.png]
[thetork.com/demos/html/bitrader/assets/images/blog/3.png]
[thetork.com/demos/html/bitrader/assets/images/blog/author/3.png]
[thetork.com/demos/html/bitrader/assets/images/testimonial/1.png]
[thetork.com/demos/html/bitrader/assets/images/testimonial/2.png]
[thetork.com/demos/html/bitrader/assets/images/testimonial/6.png]
[thetork.com/demos/html/bitrader/assets/images/others/1.png]
[thetork.com/demos/html/bitrader/assets/images/others/2.png]
[thetork.com/demos/html/bitrader/assets/images/cta/3.png]
[thetork.com/demos/html/bitrader/assets/images/cta/2.png]
[thetork.com/demos/html/bitrader/assets/images/cta/4.png]
[thetork.com/demos/html/bitrader/assets/images/cta/5.png]
[thetork.com/demos/html/bitrader/assets/images/logo/logo-dark.png]
[thetork.com/demos/html/bitrader/assets/images/footer/apple.png]
[thetork.com/demos/html/bitrader/assets/images/footer/play.png]
[thetork.com/demos/html/bitrader/service.html]
[thetork.com/demos/html/bitrader/assets/images/footer/1.png]
[thetork.com/demos/html/bitrader/assets/js/bootstrap.bundle.min.js]
[thetork.com/demos/html/bitrader/assets/js/swiper-bundle.min.js]
[thetork.com/demos/html/bitrader/assets/js/fslightbox.js]
[thetork.com/demos/html/bitrader/assets/js/purecounter_vanilla.js]
[thetork.com/demos/html/bitrader/index4965.html]
[thetork.com/demos/html/bitrader/index.html]
[thetork.com/demos/html/bitrader/assets/css/bootstrap.min.css]
[thetork.com/demos/html/bitrader/assets/css/aos.css]
[thetork.com/demos/html/bitrader/assets/js/custom.js]
[thetork.com/demos/html/bitrader/assets/js/all.min.js]
[thetork.com/demos/html/bitrader/assets/webfonts/fa-brands-400.woff2]
[thetork.com/demos/html/bitrader/assets/webfonts/fa-regular-400.woff2]
[thetork.com/demos/html/bitrader/assets/webfonts/fa-regular-400.ttf]
[thetork.com/demos/html/bitrader/assets/webfonts/fa-solid-900.woff2]
[thetork.com/demos/html/bitrader/assets/webfonts/fa-solid-900.ttf]
[thetork.com/demos/html/bitrader/assets/webfonts/fa-v4compatibility.ttf]
[thetork.com/demos/html/bitrader/assets/css/all.min.css]
[thetork.com/demos/html/bitrader/assets/css/swiper-bundle.min.css]
[thetork.com/demos/html/bitrader/assets/css/style.css]
[thetork.com/demos/html/bitrader/assets/images/icon/moon.svg]
[thetork.com/demos/html/bitrader/index-2.html]
[thetork.com/demos/html/bitrader/index6a08.html]
[thetork.com/demos/html/bitrader/assets/images/banner/home5/bg.svg]
[thetork.com/demos/html/bitrader/assets/images/banner/home2/1.png]
[thetork.com/demos/html/bitrader/assets/images/about/icon/1.png]
[thetork.com/demos/html/bitrader/assets/images/about/icon/2.png]
[thetork.com/demos/html/bitrader/assets/images/about/icon/3.png]
[thetork.com/demos/html/bitrader/assets/images/about/3.png]
[thetork.com/demos/html/bitrader/assets/images/icon/2.png]
[thetork.com/demos/html/bitrader/assets/images/team/home2/1.png]
[thetork.com/demos/html/bitrader/assets/images/team/home2/2.png]
[thetork.com/demos/html/bitrader/assets/images/team/home2/3.png]
[thetork.com/demos/html/bitrader/assets/images/team/home2/4.png]
[thetork.com/demos/html/bitrader/assets/images/team/home2/5.png]
[thetork.com/demos/html/bitrader/assets/images/team/home2/6.png]
[thetork.com/demos/html/bitrader/assets/images/team/home2/7.png]
[thetork.com/demos/html/bitrader/assets/images/team/home2/8.png]
[thetork.com/demos/html/bitrader/assets/images/testimonial/3.png]
[thetork.com/demos/html/bitrader/assets/images/testimonial/4.png]
[thetork.com/demos/html/bitrader/assets/images/testimonial/5.png]
[thetork.com/demos/html/bitrader/assets/images/blog/4.png]
[thetork.com/demos/html/bitrader/assets/images/blog/5.png]
[thetork.com/demos/html/bitrader/index-26a08.html]
[thetork.com/demos/html/bitrader/index-24965.html]
[thetork.com/demos/html/bitrader/assets/images/bg/1.png]
[thetork.com/demos/html/bitrader/assets/images/banner/home3/2.png]
[thetork.com/demos/html/bitrader/assets/images/banner/home3/1.png]
[thetork.com/demos/html/bitrader/assets/images/banner/shape/1.png]
[thetork.com/demos/html/bitrader/assets/images/banner/shape/2.png]
[thetork.com/demos/html/bitrader/assets/images/feature/home3/bg.png]
[thetork.com/demos/html/bitrader/assets/images/feature/home3/1.png]
[thetork.com/demos/html/bitrader/assets/images/feature/home3/2.png]
[thetork.com/demos/html/bitrader/assets/images/feature/home3/3.png]
[thetork.com/demos/html/bitrader/assets/images/feature/home3/5.png]
[thetork.com/demos/html/bitrader/assets/images/about/home3/1.png]
[thetork.com/demos/html/bitrader/assets/images/about/home3/5.png]
[thetork.com/demos/html/bitrader/assets/images/about/home3/check.png]
[thetork.com/demos/html/bitrader/assets/images/about/home3/2.png]
[thetork.com/demos/html/bitrader/assets/images/icon/shape/1.png]
[thetork.com/demos/html/bitrader/assets/images/icon/shape/2.png]
[thetork.com/demos/html/bitrader/assets/images/pricing/bg.png]
[thetork.com/demos/html/bitrader/assets/images/icon/shape/3.png]
[thetork.com/demos/html/bitrader/assets/images/others/3.png]
[thetork.com/demos/html/bitrader/assets/images/icon/shape/4.png]
[thetork.com/demos/html/bitrader/assets/images/blog/bg.png]
[thetork.com/demos/html/bitrader/index-36a08.html]
[thetork.com/demos/html/bitrader/index-34965.html]
[thetork.com/demos/html/bitrader/assets/images/banner/home4/1.png]
[thetork.com/demos/html/bitrader/assets/images/banner/home4/2.png]
[thetork.com/demos/html/bitrader/assets/images/banner/home4/icon/1.png]
[thetork.com/demos/html/bitrader/assets/images/banner/home4/icon/2.png]
[thetork.com/demos/html/bitrader/assets/images/banner/home4/icon/3.png]
[thetork.com/demos/html/bitrader/assets/images/banner/home4/icon/4.png]
[thetork.com/demos/html/bitrader/index-46a08.html]
[thetork.com/demos/html/bitrader/index-44965.html]
[thetork.com/demos/html/bitrader/assets/images/demo/4-dark.png]
[thetork.com/demos/html/bitrader/assets/images/logo/logo-2.png]
[thetork.com/demos/html/bitrader/assets/images/banner/home5/1.png]
[thetork.com/demos/html/bitrader/assets/images/banner/home5/2.png]
[thetork.com/demos/html/bitrader/assets/images/banner/shape/3.png]
[thetork.com/demos/html/bitrader/assets/images/partner/home5/1.png]
[thetork.com/demos/html/bitrader/assets/images/partner/home5/2.png]
[thetork.com/demos/html/bitrader/assets/images/partner/home5/6.png]
[thetork.com/demos/html/bitrader/assets/images/partner/home5/4.png]
[thetork.com/demos/html/bitrader/assets/images/partner/home5/5.png]
[thetork.com/demos/html/bitrader/assets/images/partner/home5/3.png]
[thetork.com/demos/html/bitrader/assets/images/about/home5/2.png]
[thetork.com/demos/html/bitrader/assets/images/about/home5/check.png]
[thetork.com/demos/html/bitrader/assets/images/service/home5/1.png]
[thetork.com/demos/html/bitrader/assets/images/service/home5/2.png]
[thetork.com/demos/html/bitrader/assets/images/service/home5/3.png]
[thetork.com/demos/html/bitrader/assets/images/service/home5/4.png]
[thetork.com/demos/html/bitrader/assets/images/service/home5/5.png]
[thetork.com/demos/html/bitrader/assets/images/service/home5/6.png]
[thetork.com/demos/html/bitrader/assets/images/icon/check1.svg]
[thetork.com/demos/html/bitrader/assets/images/others/4.png]
[thetork.com/demos/html/bitrader/assets/images/logo/Logo-2-dark.png]
[thetork.com/demos/html/bitrader/index-56a08.html]
[thetork.com/demos/html/bitrader/index-54965.html]
[thetork.com/demos/html/bitrader/service-details.html]
[thetork.com/demos/html/bitrader/services.html]
[thetork.com/demos/html/bitrader/assets/images/header/2.png]
[thetork.com/demos/html/bitrader/assets/images/about/4.png]
[thetork.com/demos/html/bitrader/about.html]
[thetork.com/demos/html/bitrader/price.html]
[thetork.com/demos/html/bitrader/team.html]
[thetork.com/demos/html/bitrader/team-2.html]
[thetork.com/demos/html/bitrader/assets/images/team-details/1.png]
[thetork.com/demos/html/bitrader/team-details.html]
[thetork.com/demos/html/bitrader/assets/images/blog/author/4.png]
[thetork.com/demos/html/bitrader/assets/images/blog/author/5.png]
[thetork.com/demos/html/bitrader/assets/images/blog/6.png]
[thetork.com/demos/html/bitrader/assets/images/blog/author/6.png]
[thetork.com/demos/html/bitrader/assets/images/blog/7.png]
[thetork.com/demos/html/bitrader/assets/images/blog/author/7.png]
[thetork.com/demos/html/bitrader/assets/images/blog/8.png]
[thetork.com/demos/html/bitrader/assets/images/blog/author/8.png]
[thetork.com/demos/html/bitrader/assets/images/blog/9.png]
[thetork.com/demos/html/bitrader/assets/images/blog/author/9.png]
[thetork.com/demos/html/bitrader/blogs.html]
[thetork.com/demos/html/bitrader/assets/images/blog/recent/1.png]
[thetork.com/demos/html/bitrader/assets/images/blog/recent/2.png]
[thetork.com/demos/html/bitrader/assets/images/blog/recent/3.png]
[thetork.com/demos/html/bitrader/assets/images/blog/recent/4.png]
[thetork.com/demos/html/bitrader/blog-sidebar.html]
[thetork.com/demos/html/bitrader/assets/images/blog/details/1.png]
[thetork.com/demos/html/bitrader/assets/images/blog/icon/1.png]
[thetork.com/demos/html/bitrader/assets/images/blog/icon/2.png]
[thetork.com/demos/html/bitrader/assets/images/blog/icon/3.png]
[thetork.com/demos/html/bitrader/assets/images/blog/details/2.png]
[thetork.com/demos/html/bitrader/assets/images/blog/details/3.png]
[thetork.com/demos/html/bitrader/assets/images/blog/user/3.png]
[thetork.com/demos/html/bitrader/assets/images/blog/user/replay.svg]
[thetork.com/demos/html/bitrader/assets/images/blog/user/1.png]
[thetork.com/demos/html/bitrader/assets/images/blog/user/2.png]
[thetork.com/demos/html/bitrader/assets/images/blog/user/4.png]
[thetork.com/demos/html/bitrader/blog-details.html]
[thetork.com/demos/html/bitrader/assets/images/others/google.svg]
[thetork.com/demos/html/bitrader/assets/images/contact/4.png]
[thetork.com/demos/html/bitrader/signup.html]
[thetork.com/demos/html/bitrader/assets/images/account/1.png]
[thetork.com/demos/html/bitrader/signup-2.html]
[thetork.com/demos/html/bitrader/signin.html]
[thetork.com/demos/html/bitrader/signin-2.html]
[thetork.com/demos/html/bitrader/forgot-pass.html]
[thetork.com/demos/html/bitrader/forgot-pass-2.html]
[thetork.com/demos/html/bitrader/assets/images/others/error.png]
[thetork.com/demos/html/bitrader/404.html]
[thetork.com/demos/html/bitrader/assets/images/contact/2.png]
[thetork.com/demos/html/bitrader/assets/images/contact/3.png]
[thetork.com/demos/html/bitrader/contact.html]
[thetork.com/demos/html/bitrader/assets/images/icon/check.svg]
[thetork.com/demos/html/bitrader/service.html]
[thetork.com/demos/html/bitrader/assets/images/team/3.png]
[thetork.com/demos/html/bitrader/assets/webfonts/fa-brands-400.ttf]
[thetork.com/demos/html/bitrader/assets/images/banner/home5/bg.svg]
[thetork.com/demos/html/bitrader/assets/images/banner/home2/bg.png]
[thetork.com/demos/html/Bitrader/index-3.html]
[thetork.com/demos/html/bitrader/assets/images/logo/logo-2.html]
[thetork.com/demos/html/bitrader/assets/images/icon/check1.svg]
[thetork.com/demos/html/bitrader/services.html]
[thetork.com/demos/html/bitrader/assets/webfonts/fa-v4compatibility.woff2]
[thetork.com/demos/html/bitrader/assets/images/banner/shape/4.png]
[thetork.com/demos/html/bitrader/assets/js/aos.js]
[thetork.com/demos/html/bitrader/assets/images/service/bg.png]
[thetork.com/demos/html/bitrader/assets/images/team/other/2.png]
[thetork.com/demos/html/bitrader/service-details.html]
[thetork.com/demos/html/bitrader/assets/images/blog/user/replay.svg]
[thetork.com/demos/html/bitrader/assets/images/others/google.svg]
[thetork.com/demos/html/Bitrader/index-3.html]
[thetork.com/demos/html/bitrader/assets/images/contact/1.png]
[thetork.com/demos/html/bitrader/assets/images/header/1.png]
[thetork.com/demos/html/bitrader/assets/images/team/other/1.png]
